
# <span style="color:orange">INSTALACIÓN RAIDS Y VOLÚMENES LÓGICOS</span>

## <span style="color:orange">INTRODUCCIÓN</span>

La redundancia aporta un nivel más de seguridad en caso de perdida de datos o de rotura de soportes de almacenamiento, la llevaremos a cabo implementando un RAID 10 que la gestionaremos con un volumen lógico.

## <span style="color:orange">DESARROLLO</span>

### Crear los RAID

Hemos añadido 4 discos de 5 GB cada uno, la estructura es la siguiente:

``` 
sdb         8:16   0     5G  0 disk  
sdc         8:32   0     5G  0 disk  
sdd         8:48   0     5G  0 disk  
sde         8:64   0     5G  0 disk  
```

El primer paso es crear el RAID 10, que los haremos creando dos RAID 1 y un RAID 0. Con el siguiente comando le indicamos que cree un RAID 1 con el nombre md0 y que utilice 2 dispositivos (sdc y sdb).


``` bash
$sudo mdadm --create /dev/md0 --level=1 --raid-devices=2 /dev/sdc /dev/sdb
```

Realizamos el mismo comando cambiando el nombre y los dispositivos para el resto de RAIDS:

`RAID 1:`
```bash
$sudo mdadm --create /dev/md1 --level=1 --raid-devices=2 /dev/sdb /dev/sde
```

`RAID 0:`
```bash
$sudo mdadm --create /dev/md2 --level=0 --raid-devices=2 /dev/md0 /dev/md1
```

Para comprobar que se han  formado bien, ejecutamos el comando `sudo mdadm --detail md126`

```bash
/dev/md126:
           Version : 1.2
     Creation Time : Thu Oct  5 12:43:08 2023
        Raid Level : raid1
        Array Size : 5237760 (5.00 GiB 5.36 GB)
     Used Dev Size : 5237760 (5.00 GiB 5.36 GB)
      Raid Devices : 2
     Total Devices : 3
       Persistence : Superblock is persistent

       Update Time : Thu Oct  5 13:10:19 2023
             State : clean 
    Active Devices : 2
   Working Devices : 3
    Failed Devices : 0
     Spare Devices : 1

Consistency Policy : resync

              Name : machancoses-VirtualBox:0  (local to host machancoses-VirtualBox)
              UUID : 2e06b46f:b2c656ac:8a221560:e93b8950
            Events : 21

    Number   Major   Minor   RaidDevice State
       0       8       32        0      active sync   /dev/sdc
       1       8       16        1      active sync   /dev/sdb

       2       8       80        -      spare   /dev/sdf

```
Otro comando útil para listar los dicos es el comando `lsblk`

```bash
sdb         8:16   0     5G  0 disk  
└─md126     9:126  0     5G  0 raid1 
  └─md125   9:125  0    10G  0 raid0 
sdc         8:32   0     5G  0 disk  
└─md126     9:126  0     5G  0 raid1 
  └─md125   9:125  0    10G  0 raid0 
sdd         8:48   0     5G  0 disk  
└─md127     9:127  0     5G  0 raid1 
  └─md125   9:125  0    10G  0 raid0 
sde         8:64   0     5G  0 disk  
└─md127     9:127  0     5G  0 raid1 
  └─md125   9:125  0    10G  0 raid0 
```
Dentro del archivo `/etc/mdadm/mdadm.conf` podemos ver información adicional como el UID de los RAID. 

```
ARRAY /dev/md0 metadata=1.2 name=machancoses-VirtualBox:0 UUID=2e06b46f:b2c656ac:8a221560:e93b8950
ARRAY /dev/md1 metadata=1.2 name=machancoses-VirtualBox:1 UUID=cc3809e9:29204d35:75d6eb4e:9acd8971
ARRAY /dev/md2 metadata=1.2 name=machancoses-VirtualBox:2 UUID=252b2ec6:e372984b:97bc8397:d3f22330
```

Vamos a darle el formato ext4 al RAID con el comando:

```bash
$mkfs.ext4 /dev/md2
```

Hay que crear un carpeta donde montar el RAID, en este caso `mkdir /datos00` y se monta con el comando `sudo mount /dev/md2 /datos00/`.

### Crear los volúmenes lógicos

El primer paso es crear un volumen físico, para ello usaremos el comando `pvcreate` 

```bash
$sudo pvcreate /dev/md125
  Physical volume "/dev/md125" successfully created.
```
Podemos comprobarlo con el comando `pvscan`:
```bash
sudo pvscan
  PV /dev/md125                      lvm2 [9,98 GiB]
  Total: 1 [9,98 GiB] / in use: 0 [0   ] / in no VG: 1 [9,98 GiB]
```

Para crear un grupo de volúmenes utilizaremos el comando `vgcreate`

```bash
$sudo vgcreate vgdata000 /dev/md125
  Volume group "vgdata000" successfully created
```

El siguiente paso es crear un volumen lógico con el comando 'lvcreate':

```bash
$lvcreate -n LVdata001 -l 95%FREE vgdata000
```

Comprobamos si se hace creado bien con el comando `lvdisplay`:

```bash
sudo lvdisplay

  --- Logical volume ---
  LV Path                /dev/vgdata000/LVdata001
  LV Name                LVdata001
  VG Name                vgdata000
  LV UUID                qm25u4-3TsO-dsLX-OTdr-MT5d-X7ee-tY04OD
  LV Write Access        read/write
  LV Creation host, time machancoses-VirtualBox, 2023-10-16 12:29:15 +0200
  LV Status              available
  # open                 0
  LV Size                <9,48 GiB
  Current LE             2426
  Segments               1
  Allocation             inherit
  Read ahead sectors     auto
  - currently set to     4096
  Block device           253:0

# Ruta donde está instalado: /dev/vgdata000/LVdata001
# Nombre del VL: LVdata001
# Nombre del grupo: vgdata000
# Tamaño del VL: 9,48 GiB
```

Para poder crear información dentro de nuestro volumen lógico, tenemos que darle formato de ext4 y después hay que montarlo en nuestro sistema de archivos.

```bash
$sudo mkfs.ext4 /dev/vgdata000/LVdata001 
mke2fs 1.46.5 (30-Dec-2021)
Se está creando un sistema de ficheros con 2484224 bloques de 4k y 621376 nodos-i
UUID del sistema de ficheros: 022b0670-cd89-4d3a-b59f-71ca89b9c8ea
Respaldos del superbloque guardados en los bloques: 
	32768, 98304, 163840, 229376, 294912, 819200, 884736, 1605632

Reservando las tablas de grupo: hecho                            
Escribiendo las tablas de nodos-i: hecho                            
Creando el fichero de transacciones (16384 bloques): hecho
Escribiendo superbloques y la información contable del sistema de archivos:  0/hecho
```

Ahora creamos un directorio vacío que actuará como punto de montaje, montamos el volumen y creamos un fichero con datos:

```bash
$sudo mkdir /mnt/mivolumen

$sudo mount /dev/vgdata000/LVdata001 /mnt/mivolumen/

$sudo touch /mnt/mivolumen/archivo.txt
```

Para crear información dentro del fichero utilizamos el comando `dd`:

```bash
$sudo dd if=/dev/urandom of=/mnt/mivolumen/archivo.txt bs=1M count=1000
1000+0 registros leídos
1000+0 registros escritos
1048576000 bytes (1,0 GB, 1000 MiB) copied, 4,38359 s, 239 MB/s

# if=/dev/urandom: El argumento if especifica la entrada de datos. /dev/urandom es un dispositivo especial que proporciona datos aleatorios.

# of=/mnt/mivolumen/archivo.txt: El argumento of especifica el archivo de salida donde se guardarán los datos generados. 

# bs=1M: El argumento bs (block size) define el tamaño de bloque. En este ejemplo, se utiliza un tamaño de bloque de 1 megabyte (1M). 

# count=1000: El argumento count establece cuántos bloques de tamaño especificado se copiarán. En este caso, se copiarán 1000 bloques de 1MB cada uno, lo que resultará en un archivo de aproximadamente 1 gigabyte.
```

Ahora vamos a redimensionar el volumen lógico con el comando `lvresize`:

```bash
$sudo lvresize -l 60%VG -n /dev/vgdata000/LVdata001 
  WARNING: Reducing active and open logical volume to <5,99 GiB.
  Size of logical volume vgdata000/LVdata001 changed from <9,48 GiB (2426 extents) to <5,99 GiB (1533 extents).
  Logical volume vgdata000/LVdata001 successfully resized.
```

Queda crear el volumen del 40%, crear info dentro y pasar el checksum en el archivo.







































